VO@shaibu MINGW64 ~
$ vagrant up
Bringing machine 'default' up with 'virtualbox' provider...
==> default: Checking if box 'ubuntu/focal64' version '20230202.0.0' is up to date...
==> default: A newer version of the box 'ubuntu/focal64' for provider 'virtualbox' is
==> default: available! You currently have version '20230202.0.0'. The latest is version
==> default: '20230215.0.0'. Run `vagrant box update` to update.
==> default: Clearing any previously set forwarded ports...
==> default: Clearing any previously set network interfaces...
==> default: Preparing network interfaces based on configuration...
    default: Adapter 1: nat
==> default: Forwarding ports...
    default: 22 (guest) => 2222 (host) (adapter 1)
==> default: Running 'pre-boot' VM customizations...
==> default: Booting VM...
==> default: Waiting for machine to boot. This may take a few minutes...
    default: SSH address: 127.0.0.1:2222
    default: SSH username: vagrant
    default: SSH auth method: private key
vagrant ssh
==> default: Machine booted and ready!
==> default: Checking for guest additions in VM...
==> default: Mounting shared folders...
    default: /vagrant => C:/Users/LENOVO
==> default: Machine already provisioned. Run `vagrant provision` or use the `--provision`
==> default: flag to force provisioning. Provisioners marked to run always will still run.

LENOVO@shaibu MINGW64 ~
$ vagrant ssh
ls
ls
vagrant ssh
Welcome to Ubuntu 20.04.5 LTS (GNU/Linux 5.4.0-139-generic x86_64)

 * Documentation:  https://help.ubuntu.com
 * Management:     https://landscape.canonical.com
 * Support:        https://ubuntu.com/advantage

  System information as of Fri Mar  3 01:09:07 UTC 2023

  System load:  0.74              Processes:               122
  Usage of /:   7.0% of 38.70GB   Users logged in:         0
  Memory usage: 20%               IPv4 address for enp0s3: 10.0.2.15
  Swap usage:   0%


 * Introducing Expanded Security Maintenance for Applications.
   Receive updates to over 25,000 software packages with your
   Ubuntu Pro subscription. Free for personal use.

     https://ubuntu.com/pro

Expanded Security Maintenance for Applications is not enabled.

8 updates can be applied immediately.
To see these additional updates run: apt list --upgradable

Enable ESM Apps to receive additional future security updates.
See https://ubuntu.com/esm or run: sudo pro status

New release '22.04.2 LTS' available.
Run 'do-release-upgrade' to upgrade to it.


Last login: Thu Mar  2 04:50:34 2023 from 10.0.2.2
ls
ls
vagrant ssh
vagrant@ubuntu-focal:~$ ls
0-hello_ubuntu  Betty  alx-low_level_programming  zero_day
vagrant@ubuntu-focal:~$ ls
0-hello_ubuntu  Betty  alx-low_level_programming  zero_day
vagrant@ubuntu-focal:~$ vagrant ssh

Command 'vagrant' not found, but can be installed with:

apt install vagrant
Please ask your administrator.

vagrant@ubuntu-focal:~$ cd alx-low_level_programming
vagrant@ubuntu-focal:~/alx-low_level_programming$ ls
0x00-hello_world              0x02-functions_nested_loops  0x04-more_functions_nested_loops  0x06-pointers_arrays_strings
0x01-variables_if_else_while  0x03-debugging               0x05-pointers_arrays_strings      README.md
vagrant@ubuntu-focal:~/alx-low_level_programming$ cd 0x06_pointers_arrays_strings
-bash: cd: 0x06_pointers_arrays_strings: No such file or directory
vagrant@ubuntu-focal:~/alx-low_level_programming$ cd 0x06-pointers_arrays_strings
vagrant@ubuntu-focal:~/alx-low_level_programming/0x06-pointers_arrays_strings$ ls
0-main.c  0-strcat.c  1-main.c  2-main.c  3-main.c  4-main.c  5-main.c  6-main.c  7-main.c  _putchar.c  main.h
vagrant@ubuntu-focal:~/alx-low_level_programming/0x06-pointers_arrays_strings$ vi
clear

VO@shaibu MINGW64 ~
$ vagrant up
Bringing machine 'default' up with 'virtualbox' provider...
==> default: Checking if box 'ubuntu/focal64' version '20230202.0.0' is up to date...
==> default: A newer version of the box 'ubuntu/focal64' for provider 'virtualbox' is
==> default: available! You currently have version '20230202.0.0'. The latest is version
==> default: '20230215.0.0'. Run `vagrant box update` to update.
==> default: Clearing any previously set forwarded ports...
==> default: Clearing any previously set network interfaces...
==> default: Preparing network interfaces based on configuration...
    default: Adapter 1: nat
==> default: Forwarding ports...
    default: 22 (guest) => 2222 (host) (adapter 1)
==> default: Running 'pre-boot' VM customizations...
==> default: Booting VM...
==> default: Waiting for machine to boot. This may take a few minutes...
    default: SSH address: 127.0.0.1:2222
    default: SSH username: vagrant
    default: SSH auth method: private key
vagrant ssh
==> default: Machine booted and ready!
==> default: Checking for guest additions in VM...
==> default: Mounting shared folders...
    default: /vagrant => C:/Users/LENOVO
==> default: Machine already provisioned. Run `vagrant provision` or use the `--provision`
==> default: flag to force provisioning. Provisioners marked to run always will still run.

LENOVO@shaibu MINGW64 ~
$ vagrant ssh
ls
ls
vagrant ssh
Welcome to Ubuntu 20.04.5 LTS (GNU/Linux 5.4.0-139-generic x86_64)

 * Documentation:  https://help.ubuntu.com
 * Management:     https://landscape.canonical.com
 * Support:        https://ubuntu.com/advantage

  System information as of Fri Mar  3 01:09:07 UTC 2023

  System load:  0.74              Processes:               122
  Usage of /:   7.0% of 38.70GB   Users logged in:         0
  Memory usage: 20%               IPv4 address for enp0s3: 10.0.2.15
  Swap usage:   0%


 * Introducing Expanded Security Maintenance for Applications.
   Receive updates to over 25,000 software packages with your
   Ubuntu Pro subscription. Free for personal use.

     https://ubuntu.com/pro

Expanded Security Maintenance for Applications is not enabled.

8 updates can be applied immediately.
To see these additional updates run: apt list --upgradable

Enable ESM Apps to receive additional future security updates.
See https://ubuntu.com/esm or run: sudo pro status

New release '22.04.2 LTS' available.
Run 'do-release-upgrade' to upgrade to it.


Last login: Thu Mar  2 04:50:34 2023 from 10.0.2.2
ls
ls
vagrant ssh
vagrant@ubuntu-focal:~$ ls
0-hello_ubuntu  Betty  alx-low_level_programming  zero_day
vagrant@ubuntu-focal:~$ ls
0-hello_ubuntu  Betty  alx-low_level_programming  zero_day
vagrant@ubuntu-focal:~$ vagrant ssh

Command 'vagrant' not found, but can be installed with:

apt install vagrant
Please ask your administrator.

vagrant@ubuntu-focal:~$ cd alx-low_level_programming
vagrant@ubuntu-focal:~/alx-low_level_programming$ ls
0x00-hello_world              0x02-functions_nested_loops  0x04-more_functions_nested_loops  0x06-pointers_arrays_strings
0x01-variables_if_else_while  0x03-debugging               0x05-pointers_arrays_strings      README.md
vagrant@ubuntu-focal:~/alx-low_level_programming$ cd 0x06_pointers_arrays_strings
-bash: cd: 0x06_pointers_arrays_strings: No such file or directory
vagrant@ubuntu-focal:~/alx-low_level_programming$ cd 0x06-pointers_arrays_strings
vagrant@ubuntu-focal:~/alx-low_level_programming/0x06-pointers_arrays_strings$ ls
0-main.c  0-strcat.c  1-main.c  2-main.c  3-main.c  4-main.c  5-main.c  6-main.c  7-main.c  _putchar.c  main.h
vagrant@ubuntu-focal:~/alx-low_level_programming/0x06-pointers_arrays_strings$ vi
clear
:wq


